=== RUN   TestSQLiteWalCheckpointScaleCampaign
    wal_checkpoint_scale_test.go:227: run=1 sync=NORMAL autochk=-1 n=500 close=passive commit=2032ms trunc=0ms reopen=176ms wal_before=27365072B wal_after_trunc=0B wal_after=8272B visible=true busy=false
    wal_checkpoint_scale_test.go:227: run=1 sync=FULL autochk=-1 n=2000 close=truncate commit=39859ms trunc=59ms reopen=33ms wal_before=285520152B wal_after_trunc=0B wal_after=8272B visible=true busy=false
    wal_checkpoint_scale_test.go:227: run=1 sync=NORMAL autochk=1000 n=2000 close=truncate commit=34426ms trunc=322ms reopen=131ms wal_before=4350752B wal_after_trunc=0B wal_after=8272B visible=true busy=false
    wal_checkpoint_scale_test.go:227: run=1 sync=NORMAL autochk=-1 n=2000 close=truncate commit=20724ms trunc=1577ms reopen=76ms wal_before=285520152B wal_after_trunc=0B wal_after=8272B visible=true busy=false
    wal_checkpoint_scale_test.go:227: run=1 sync=FULL autochk=1000 n=500 close=truncate commit=7067ms trunc=13ms reopen=30ms wal_before=4181832B wal_after_trunc=0B wal_after=8272B visible=true busy=false
    wal_checkpoint_scale_test.go:227: run=1 sync=FULL autochk=-1 n=2000 close=passive commit=39711ms trunc=0ms reopen=93ms wal_before=285524272B wal_after_trunc=0B wal_after=8272B visible=true busy=false
    wal_checkpoint_scale_test.go:227: run=1 sync=NORMAL autochk=1000 n=2000 close=passive commit=25203ms trunc=0ms reopen=47ms wal_before=4350752B wal_after_trunc=0B wal_after=8272B visible=true busy=false
    wal_checkpoint_scale_test.go:227: run=1 sync=NORMAL autochk=1000 n=500 close=truncate commit=2443ms trunc=32ms reopen=11ms wal_before=4181832B wal_after_trunc=0B wal_after=8272B visible=true busy=false
    wal_checkpoint_scale_test.go:227: run=1 sync=FULL autochk=1000 n=2000 close=truncate commit=47280ms trunc=14ms reopen=171ms wal_before=4350752B wal_after_trunc=0B wal_after=8272B visible=true busy=false
    wal_checkpoint_scale_test.go:227: run=1 sync=NORMAL autochk=-1 n=500 close=truncate commit=2004ms trunc=222ms reopen=119ms wal_before=27360952B wal_after_trunc=0B wal_after=8272B visible=true busy=false
    wal_checkpoint_scale_test.go:227: run=1 sync=FULL autochk=-1 n=500 close=passive commit=8455ms trunc=0ms reopen=45ms wal_before=27365072B wal_after_trunc=0B wal_after=8272B visible=true busy=false
    wal_checkpoint_scale_test.go:227: run=1 sync=NORMAL autochk=-1 n=2000 close=passive commit=20748ms trunc=0ms reopen=1202ms wal_before=285524272B wal_after_trunc=0B wal_after=8272B visible=true busy=false
    wal_checkpoint_scale_test.go:227: run=1 sync=FULL autochk=1000 n=2000 close=passive commit=44796ms trunc=0ms reopen=83ms wal_before=4350752B wal_after_trunc=0B wal_after=8272B visible=true busy=false
    wal_checkpoint_scale_test.go:227: run=1 sync=NORMAL autochk=1000 n=500 close=passive commit=2472ms trunc=0ms reopen=44ms wal_before=4181832B wal_after_trunc=0B wal_after=8272B visible=true busy=false
    wal_checkpoint_scale_test.go:227: run=1 sync=FULL autochk=1000 n=500 close=passive commit=6632ms trunc=0ms reopen=43ms wal_before=4181832B wal_after_trunc=0B wal_after=8272B visible=true busy=false
    wal_checkpoint_scale_test.go:227: run=1 sync=FULL autochk=-1 n=500 close=truncate commit=6507ms trunc=17ms reopen=28ms wal_before=27360952B wal_after_trunc=0B wal_after=8272B visible=true busy=false
    wal_checkpoint_scale_test.go:227: run=2 sync=FULL autochk=1000 n=2000 close=truncate commit=42318ms trunc=15ms reopen=32ms wal_before=4350752B wal_after_trunc=0B wal_after=8272B visible=true busy=false
    wal_checkpoint_scale_test.go:227: run=2 sync=FULL autochk=-1 n=500 close=truncate commit=6574ms trunc=19ms reopen=37ms wal_before=27365072B wal_after_trunc=0B wal_after=8272B visible=true busy=false
    wal_checkpoint_scale_test.go:227: run=2 sync=NORMAL autochk=1000 n=2000 close=truncate commit=25277ms trunc=32ms reopen=18ms wal_before=4350752B wal_after_trunc=0B wal_after=8272B visible=true busy=false
    wal_checkpoint_scale_test.go:227: run=2 sync=NORMAL autochk=1000 n=500 close=truncate commit=2345ms trunc=32ms reopen=12ms wal_before=4181832B wal_after_trunc=0B wal_after=8272B visible=true busy=false
    wal_checkpoint_scale_test.go:227: run=2 sync=NORMAL autochk=-1 n=2000 close=truncate commit=20861ms trunc=1156ms reopen=16ms wal_before=285524272B wal_after_trunc=0B wal_after=8272B visible=true busy=false
    wal_checkpoint_scale_test.go:227: run=2 sync=NORMAL autochk=1000 n=500 close=passive commit=2410ms trunc=0ms reopen=44ms wal_before=4181832B wal_after_trunc=0B wal_after=8272B visible=true busy=false
    wal_checkpoint_scale_test.go:227: run=2 sync=FULL autochk=1000 n=2000 close=passive commit=42632ms trunc=0ms reopen=50ms wal_before=4350752B wal_after_trunc=0B wal_after=8272B visible=true busy=false
    wal_checkpoint_scale_test.go:227: run=2 sync=NORMAL autochk=-1 n=2000 close=passive commit=20820ms trunc=0ms reopen=1546ms wal_before=285524272B wal_after_trunc=0B wal_after=8272B visible=true busy=false
    wal_checkpoint_scale_test.go:227: run=2 sync=NORMAL autochk=1000 n=2000 close=passive commit=25972ms trunc=0ms reopen=116ms wal_before=4350752B wal_after_trunc=0B wal_after=8272B visible=true busy=false
    wal_checkpoint_scale_test.go:227: run=2 sync=FULL autochk=1000 n=500 close=truncate commit=6733ms trunc=13ms reopen=28ms wal_before=4181832B wal_after_trunc=0B wal_after=8272B visible=true busy=false
    wal_checkpoint_scale_test.go:227: run=2 sync=NORMAL autochk=-1 n=500 close=truncate commit=2054ms trunc=130ms reopen=12ms wal_before=27360952B wal_after_trunc=0B wal_after=8272B visible=true busy=false
    wal_checkpoint_scale_test.go:227: run=2 sync=NORMAL autochk=-1 n=500 close=passive commit=2077ms trunc=0ms reopen=139ms wal_before=27365072B wal_after_trunc=0B wal_after=8272B visible=true busy=false
    wal_checkpoint_scale_test.go:227: run=2 sync=FULL autochk=-1 n=500 close=passive commit=6852ms trunc=0ms reopen=54ms wal_before=27365072B wal_after_trunc=0B wal_after=8272B visible=true busy=false
    wal_checkpoint_scale_test.go:227: run=2 sync=FULL autochk=-1 n=2000 close=passive commit=79086ms trunc=0ms reopen=91ms wal_before=285516032B wal_after_trunc=0B wal_after=8272B visible=true busy=false
    wal_checkpoint_scale_test.go:227: run=2 sync=FULL autochk=-1 n=2000 close=truncate commit=40229ms trunc=61ms reopen=32ms wal_before=285516032B wal_after_trunc=0B wal_after=8272B visible=true busy=false
    wal_checkpoint_scale_test.go:227: run=2 sync=FULL autochk=1000 n=500 close=passive commit=6983ms trunc=0ms reopen=46ms wal_before=4181832B wal_after_trunc=0B wal_after=8272B visible=true busy=false
    wal_checkpoint_scale_test.go:265: paired comparison (reopen-only passive vs truncate+reopen):
    wal_checkpoint_scale_test.go:286:   sync=FULL autochk=-1 n=500: passive_reopen=45ms truncate+reopen=45ms speedup=1.00x
    wal_checkpoint_scale_test.go:286:   sync=FULL autochk=-1 n=2000: passive_reopen=93ms truncate+reopen=92ms speedup=1.01x
    wal_checkpoint_scale_test.go:286:   sync=FULL autochk=1000 n=500: passive_reopen=43ms truncate+reopen=43ms speedup=1.00x
    wal_checkpoint_scale_test.go:286:   sync=FULL autochk=1000 n=2000: passive_reopen=83ms truncate+reopen=185ms speedup=0.45x
    wal_checkpoint_scale_test.go:286:   sync=NORMAL autochk=-1 n=500: passive_reopen=176ms truncate+reopen=341ms speedup=0.52x
    wal_checkpoint_scale_test.go:286:   sync=NORMAL autochk=-1 n=2000: passive_reopen=1202ms truncate+reopen=1653ms speedup=0.73x
    wal_checkpoint_scale_test.go:286:   sync=NORMAL autochk=1000 n=500: passive_reopen=44ms truncate+reopen=43ms speedup=1.02x
    wal_checkpoint_scale_test.go:286:   sync=NORMAL autochk=1000 n=2000: passive_reopen=47ms truncate+reopen=453ms speedup=0.10x
--- PASS: TestSQLiteWalCheckpointScaleCampaign (0.00s)
PASS
ok  	motor-autonomo/internal/storage/sqlite	0.008s
